// Jest Snapshot v1, https://goo.gl/fbAQLP

exports[`should render edit expense component correctly 1`] = `
<div>
  This is the edit expense page.
  <ExpenseForm
    expense={
      Object {
        "amount": 20000,
        "createdAt": -345600000,
        "description": "Credit Card",
        "id": "2",
        "note": "",
      }
    }
    onSubmit={[Function]}
  />
  <button
    onClick={[Function]}
  >
    Remove
  </button>
</div>
`;

exports[`should startRemoveExpense on remove button click 1`] = `
<div>
  This is the edit expense page.
  <ExpenseForm
    expense={
      Object {
        "amount": 20000,
        "createdAt": -345600000,
        "description": "Credit Card",
        "id": "2",
        "note": "",
      }
    }
    onSubmit={[Function]}
  />
  <button
    onClick={[Function]}
  >
    Remove
  </button>
</div>
`;
