// Jest Snapshot v1, https://goo.gl/fbAQLP

exports[`should render Login page correctly 1`] = `
<div
  className="box-layout"
>
  <div
    className="box-layout__box"
  >
    <h1
      className="box-layout__title"
    >
      Budgetak
    </h1>
    <h2
      className="box-layout__subtitle"
    >
      Control Your Pocket.
    </h2>
    <button
      className="button"
      onClick={[MockFunction]}
    >
      Login with Google
    </button>
  </div>
</div>
`;
